// Jest Snapshot v1, https://goo.gl/fbAQLP

exports[`SkeletonCard matches snapshot 1`] = `
<div>
  <div
    class="flex flex-row bg-gray-200 rounded-lg animate-pulse h-230px md:h-[265px] min-w-[300px] md:min-w-[370px] overflow-hidden"
  >
    <div
      class="w-[120px] md:w-[185px] bg-gray-300"
    />
    <div
      class="flex-1 p-4 space-y-2"
    >
      <div
        class="h-6 bg-gray-300 rounded w-3/4"
      />
      <div
        class="h-4 bg-gray-300 rounded w-5/6"
      />
      <div
        class="h-4 bg-gray-300 rounded w-2/3"
      />
    </div>
  </div>
</div>
`;
